./test_start.sh: line 2: ./mvnw: No such file or directory
